T093 desktop lifecycle attempt
date: 2026-08-04T04:46:32Z
os: macOS 26.5.2 (arm64)
commit: e130a3aff34623f1b50b36ae88e9729349617f2a
binary: target/debug/kivori-desktop (39661632 bytes)
automation(AppleEvents): GRANTED  probe='tell application "System Events" to count processes' -> 88
accessibility: DENIED  exact error: 'System Events got an error: osascript is not allowed assistive access. (-25211)'
pid=83183 alive_after_6s=yes
  PID             
83183  86352 00:06
threads=22
 kivori-desktop
cleaned up

RESULT PER T093 ASSERTION
 1  application launches                     PASS  pid alive 6s, 22 threads, listed as non-background-only GUI process
 2  initial connection state correct          BLOCKED  needs reading in-window UI; app emitted 0 stdout lines
 3  six Device Studio states render           BLOCKED  needs UI driving (Accessibility)
 4  play/pause/scrub/step                     BLOCKED  needs UI driving (Accessibility)
 5  sustained preview stream responsive       BLOCKED  needs UI driving (Accessibility)
 6  closing main window hides it              BLOCKED  needs window control (Accessibility)
 7  process remains alive after close         BLOCKED  depends on 6
 8  native device thread remains alive        PARTIAL  22 OS threads observed while running; thread IDENTITY not attributable without UI-driven close
 9  tray Open restores same instance          BLOCKED  needs menu-bar interaction (Accessibility)
10  webview reload preserves native state     BLOCKED  needs UI driving (Accessibility)
11  explicit Quit ends thread and process     BLOCKED  needs menu interaction (Accessibility)
12  diagnostics redacted                      NOT ESTABLISHED HERE  0 stdout lines; host tests cover redaction but are HOST class, not DESKTOP-MANUAL
13  disconnected controls follow policy       BLOCKED  needs UI driving (Accessibility)
14  production does not load browser mock     COVERED ELSEWHERE  scripts/check-mock-excluded.mjs (HOST class, not DESKTOP-MANUAL)

VERDICT: T093 remains UNCHECKED. 1 of 14 assertions passes; the 11 distinguishing
lifecycle assertions require macOS Accessibility (assistive access), which is denied.
Automation/AppleEvents alone is insufficient: it can enumerate processes but cannot
read or manipulate window and menu-bar UI elements.

EXACT UNBLOCK: System Settings > Privacy & Security > Accessibility > enable the
terminal application running this agent (and/or /usr/bin/osascript). Re-run after granting.
